// Jest Snapshot v1, https://goo.gl/fbAQLP

exports[`nav component snapshot 1`] = `
"<div>
  <div>
    <a href=\\"#!/\\">Home</a> <span>|</span> <a href=
    \\"#!/about\\">About</a> <span>|</span> <a href=
    \\"#!/scenariomaker\\">シナリオ作成</a>
  </div>
</div>
"
`;
