// Jest Snapshot v1, https://goo.gl/fbAQLP

exports[`test snapshot test: snapshot test 1`] = `
"
var a = 1 + 1

      ↓ ↓ ↓ ↓ ↓ ↓

var a = 1 * 1;
"
`;
